Flow report for agoravai
Thu Dec 06 22:07:02 2018
Quartus Prime Version 18.0.0 Build 614 04/24/2018 SJ Lite Edition


---------------------
; Table of Contents ;
---------------------
  1. Legal Notice
  2. Flow Summary
  3. Flow Settings
  4. Flow Non-Default Global Settings
  5. Flow Elapsed Time
  6. Flow OS Summary
  7. Flow Log
  8. Flow Messages
  9. Flow Suppressed Messages



----------------
; Legal Notice ;
----------------
Copyright (C) 2018  Intel Corporation. All rights reserved.
Your use of Intel Corporation's design tools, logic functions 
and other software and tools, and its AMPP partner logic 
functions, and any output files from any of the foregoing 
(including device programming or simulation files), and any 
associated documentation or information are expressly subject 
to the terms and conditions of the Intel Program License 
Subscription Agreement, the Intel Quartus Prime License Agreement,
the Intel FPGA IP License Agreement, or other applicable license
agreement, including, without limitation, that your use is for
the sole purpose of programming logic devices manufactured by
Intel and sold by Intel or its authorized distributors.  Please
refer to the applicable agreement for further details.



+----------------------------------------------------------------------------------+
; Flow Summary                                                                     ;
+------------------------------------+---------------------------------------------+
; Flow Status                        ; Successful - Thu Dec 06 22:07:02 2018       ;
; Quartus Prime Version              ; 18.0.0 Build 614 04/24/2018 SJ Lite Edition ;
; Revision Name                      ; agoravai                                    ;
; Top-level Entity Name              ; lab2                                        ;
; Family                             ; Cyclone 10 LP                               ;
; Total logic elements               ; 6,517                                       ;
;     Total combinational functions  ; 4,976                                       ;
;     Dedicated logic registers      ; 1,818                                       ;
; Total registers                    ; 1818                                        ;
; Total pins                         ; 1,547                                       ;
; Total virtual pins                 ; 0                                           ;
; Total memory bits                  ; 2,105,410                                   ;
; Embedded Multiplier 9-bit elements ; 8                                           ;
; Total PLLs                         ; 0                                           ;
+------------------------------------+---------------------------------------------+


+-----------------------------------------+
; Flow Settings                           ;
+-------------------+---------------------+
; Option            ; Setting             ;
+-------------------+---------------------+
; Start date & time ; 12/06/2018 22:04:57 ;
; Main task         ; Compilation         ;
; Revision Name     ; agoravai            ;
+-------------------+---------------------+


+-----------------------------------------------------------------------------------------------------------------------------+
; Flow Non-Default Global Settings                                                                                            ;
+-------------------------------------+----------------------------------------+---------------+-------------+----------------+
; Assignment Name                     ; Value                                  ; Default Value ; Entity Name ; Section Id     ;
+-------------------------------------+----------------------------------------+---------------+-------------+----------------+
; COMPILER_SIGNATURE_ID               ; 247232640702854.154414109612744        ; --            ; --          ; --             ;
; EDA_GENERATE_FUNCTIONAL_NETLIST     ; On                                     ; --            ; --          ; eda_simulation ;
; EDA_OUTPUT_DATA_FORMAT              ; Verilog Hdl                            ; --            ; --          ; eda_simulation ;
; EDA_SIMULATION_TOOL                 ; ModelSim-Altera (Verilog)              ; <None>        ; --          ; --             ;
; EDA_TIME_SCALE                      ; 1 ps                                   ; --            ; --          ; eda_simulation ;
; MISC_FILE                           ; add.bsf                                ; --            ; --          ; --             ;
; MISC_FILE                           ; add.cmp                                ; --            ; --          ; --             ;
; MISC_FILE                           ; decode.bsf                             ; --            ; --          ; --             ;
; MISC_FILE                           ; inst_memory.bsf                        ; --            ; --          ; --             ;
; MISC_FILE                           ; data_memory.bsf                        ; --            ; --          ; --             ;
; MISC_FILE                           ; ula_add_sub.bsf                        ; --            ; --          ; --             ;
; MISC_FILE                           ; ula_less.bsf                           ; --            ; --          ; --             ;
; MISC_FILE                           ; ula_mult.bsf                           ; --            ; --          ; --             ;
; MISC_FILE                           ; ula_add.bsf                            ; --            ; --          ; --             ;
; MISC_FILE                           ; ula_addu.bsf                           ; --            ; --          ; --             ;
; MISC_FILE                           ; ula_sub.bsf                            ; --            ; --          ; --             ;
; MISC_FILE                           ; ula_subu.bsf                           ; --            ; --          ; --             ;
; MISC_FILE                           ; ula_mux.bsf                            ; --            ; --          ; --             ;
; MISC_FILE                           ; ula_sll.bsf                            ; --            ; --          ; --             ;
; MISC_FILE                           ; ula_srl.bsf                            ; --            ; --          ; --             ;
; MISC_FILE                           ; ula_div.bsf                            ; --            ; --          ; --             ;
; MISC_FILE                           ; pc_adder.bsf                           ; --            ; --          ; --             ;
; MISC_FILE                           ; pc_mux.bsf                             ; --            ; --          ; --             ;
; MISC_FILE                           ; instruction_memory.bsf                 ; --            ; --          ; --             ;
; MISC_FILE                           ; reg_dst_mux.bsf                        ; --            ; --          ; --             ;
; MISC_FILE                           ; branch_add.bsf                         ; --            ; --          ; --             ;
; MISC_FILE                           ; mem_to_reg_mux.bsf                     ; --            ; --          ; --             ;
; MISC_FILE                           ; ula_beq.bsf                            ; --            ; --          ; --             ;
; MISC_FILE                           ; ula_slt.bsf                            ; --            ; --          ; --             ;
; MISC_FILE                           ; ula_bgez.bsf                           ; --            ; --          ; --             ;
; MISC_FILE                           ; origALU_mux.bsf                        ; --            ; --          ; --             ;
; MISC_FILE                           ; mux2d5.bsf                             ; --            ; --          ; --             ;
; MISC_FILE                           ; simple2mux.bsf                         ; --            ; --          ; --             ;
; MISC_FILE                           ; mux32.bsf                              ; --            ; --          ; --             ;
; MISC_FILE                           ; decodeerr.bsf                          ; --            ; --          ; --             ;
; MISC_FILE                           ; register_ra.bsf                        ; --            ; --          ; --             ;
; MISC_FILE                           ; jump_mux.bsf                           ; --            ; --          ; --             ;
; MISC_FILE                           ; link_mux.bsf                           ; --            ; --          ; --             ;
; MISC_FILE                           ; reg_dst_mux_ex.bsf                     ; --            ; --          ; --             ;
; MISC_FILE                           ; SO_address.bsf                         ; --            ; --          ; --             ;
; MISC_FILE                           ; exception_mux.bsf                      ; --            ; --          ; --             ;
; MISC_FILE                           ; exception_sub.bsf                      ; --            ; --          ; --             ;
; MISC_FILE                           ; compare_forward.bsf                    ; --            ; --          ; --             ;
; MISC_FILE                           ; forward_mux.bsf                        ; --            ; --          ; --             ;
; MISC_FILE                           ; hazard_compare.bsf                     ; --            ; --          ; --             ;
; MISC_FILE                           ; mux_hazard_control.bsf                 ; --            ; --          ; --             ;
; MISC_FILE                           ; zero_constant.bsf                      ; --            ; --          ; --             ;
; MISC_FILE                           ; mux_hazard_opALU.bsf                   ; --            ; --          ; --             ;
; MISC_FILE                           ; zero_opALU.bsf                         ; --            ; --          ; --             ;
; MISC_FILE                           ; control_clk.bsf                        ; --            ; --          ; --             ;
; MISC_FILE                           ; clear_clock.bsf                        ; --            ; --          ; --             ;
; MISC_FILE                           ; const_16.cmp                           ; --            ; --          ; --             ;
; MISC_FILE                           ; const16.bsf                            ; --            ; --          ; --             ;
; MISC_FILE                           ; const0.bsf                             ; --            ; --          ; --             ;
; MISC_FILE                           ; exception3.bsf                         ; --            ; --          ; --             ;
; MISC_FILE                           ; constante1.bsf                         ; --            ; --          ; --             ;
; MISC_FILE                           ; constante1.cmp                         ; --            ; --          ; --             ;
; MISC_FILE                           ; ula_sra.bsf                            ; --            ; --          ; --             ;
; MISC_FILE                           ; ula_sra_bb.v                           ; --            ; --          ; --             ;
; MISC_FILE                           ; sp_constant.bsf                        ; --            ; --          ; --             ;
; MISC_FILE                           ; sp_constant.cmp                        ; --            ; --          ; --             ;
; PARTITION_COLOR                     ; -- (Not supported for targeted family) ; --            ; lab2        ; Top            ;
; PARTITION_FITTER_PRESERVATION_LEVEL ; -- (Not supported for targeted family) ; --            ; lab2        ; Top            ;
; PARTITION_NETLIST_TYPE              ; -- (Not supported for targeted family) ; --            ; lab2        ; Top            ;
; PROJECT_OUTPUT_DIRECTORY            ; output_files                           ; --            ; --          ; --             ;
; TOP_LEVEL_ENTITY                    ; lab2                                   ; agoravai      ; --          ; --             ;
+-------------------------------------+----------------------------------------+---------------+-------------+----------------+


+--------------------------------------------------------------------------------------------------------------------------+
; Flow Elapsed Time                                                                                                        ;
+----------------------+--------------+-------------------------+---------------------+------------------------------------+
; Module Name          ; Elapsed Time ; Average Processors Used ; Peak Virtual Memory ; Total CPU Time (on all processors) ;
+----------------------+--------------+-------------------------+---------------------+------------------------------------+
; Analysis & Synthesis ; 00:01:38     ; 1.0                     ; 5079 MB             ; 00:01:59                           ;
; EDA Netlist Writer   ; 00:00:05     ; 1.0                     ; 4675 MB             ; 00:00:05                           ;
; EDA Netlist Writer   ; 00:00:07     ; 1.0                     ; 4699 MB             ; 00:00:07                           ;
; Total                ; 00:01:50     ; --                      ; --                  ; 00:02:11                           ;
+----------------------+--------------+-------------------------+---------------------+------------------------------------+


+------------------------------------------------------------------------------------+
; Flow OS Summary                                                                    ;
+----------------------+------------------+------------+------------+----------------+
; Module Name          ; Machine Hostname ; OS Name    ; OS Version ; Processor type ;
+----------------------+------------------+------------+------------+----------------+
; Analysis & Synthesis ; DESKTOP-1EI9TLP  ; Windows 10 ; 10.0       ; x86_64         ;
; EDA Netlist Writer   ; DESKTOP-1EI9TLP  ; Windows 10 ; 10.0       ; x86_64         ;
; EDA Netlist Writer   ; DESKTOP-1EI9TLP  ; Windows 10 ; 10.0       ; x86_64         ;
+----------------------+------------------+------------+------------+----------------+


------------
; Flow Log ;
------------
quartus_map --read_settings_files=on --write_settings_files=off agoravai -c agoravai
quartus_eda --gen_testbench --tool=modelsim_oem --format=vhdl --write_settings_files=off agoravai -c agoravai --vector_source="C:/Users/eduar/Documents/OAC/t2/Trabalho Final_0/Waveform.vwf" --testbench_file="C:/Users/eduar/Documents/OAC/t2/Trabalho Final_0/simulation/qsim/Waveform.vwf.vht"
quartus_eda --write_settings_files=off --simulation=on --functional=on --flatten_buses=off --tool=modelsim_oem --format=vhdl --output_directory="C:/Users/eduar/Documents/OAC/t2/Trabalho Final_0/simulation/qsim/" agoravai -c agoravai



